[transformers] Token indices sequence length is longer than the specified maximum sequence length for this model (341469 > 2048). Running this sequence through the model will result in indexing errors
Loading weights:   0%|          | 0/201 [00:00<?, ?it/s]Loading weights:  46%|████▋     | 93/201 [00:00<00:00, 929.79it/s]Loading weights: 100%|██████████| 201/201 [00:00<00:00, 1012.87it/s]
TinyLlama/TinyLlama-1.1B-Chat-v1.0  ctx 1024  12 windows  group 'core'  10 variants

baseline    ppl   9.4232    49.0s  (1/10)
dense       ppl   9.4234   336.1s  (2/10)
k4v2        ppl  10.2363   365.0s  (3/10)
rounds1     ppl 3532.2571   378.8s  (4/10)
rounds3     ppl 4552.6088   373.2s  (5/10)
uniform     ppl  10.2896   363.6s  (6/10)
seed1       ppl  10.2165   364.6s  (7/10)
seed2       ppl  10.2148   369.0s  (8/10)
seed3       ppl  10.2223   363.9s  (9/10)
seed4       ppl  10.1613   365.8s  (10/10)

variant            ppl   vs base    vs k4v2   +- s.e.  signif  B/tok/L
baseline        9.4232   1.0000x    0.9206x    0.0063     yes        -
dense           9.4234   1.0000x    0.9206x    0.0063     yes     1024
k4v2           10.2363   1.0863x   (ref)         -       -      208
rounds1      3532.2571 374.8451x  345.0718x    0.1628     yes      208
rounds3      4552.6088 483.1254x  444.7516x    0.1469     yes      208
uniform        10.2896   1.0919x    1.0052x    0.0050      no      208
seed1          10.2165   1.0842x    0.9981x    0.0050      no      208
seed2          10.2148   1.0840x    0.9979x    0.0052      no      208
seed3          10.2223   1.0848x    0.9986x    0.0039      no      208
seed4          10.1613   1.0783x    0.9927x    0.0062      no      208

paired over 12 windows; 'signif' = |difference| > 2 standard errors.
